/home/lukas/minis/reviews/Warhammer Age of Sigmar/Skaven/Clanrat/Clanrat_4.md
/home/lukas/minis/reviews/Warhammer Age of Sigmar/Skaven/Clanrat/Clanrat.md
/home/lukas/minis/reviews/Warhammer Age of Sigmar/Skaven/Clanrat/Clanrat_2.md
/home/lukas/minis/reviews/Warhammer Age of Sigmar/Skaven/Clanrat/Clanrat_1.md
/home/lukas/minis/reviews/Warhammer Age of Sigmar/Skaven/Clanrat/Clanrat_3.md
/home/lukas/minis/reviews/Warhammer Age of Sigmar/Skaven/Clanrat
/home/lukas/minis/reviews/Warhammer Age of Sigmar/Skaven
/home/lukas/minis/reviews/Warhammer 40000/Chaos/Plague-Marine/Plague-Marine.md
/home/lukas/minis/reviews/Warhammer 40000/Chaos/Plague-Marine
/home/lukas/minis/reviews/Warhammer 40000
/home/lukas/minis/reviews/Warhammer 40,000/Chaos/Deathshroud-Terminator/Deathshroud-Terminator.md
/home/lukas/minis/reviews/Warhammer 40,000/Chaos/Deathshroud-Terminator/Deathshroud-Terminator_1.md
/home/lukas/minis/reviews/Warhammer 40,000/Chaos/Deathshroud-Terminator
/home/lukas/minis/reviews/Warhammer 40,000/Chaos/Death Guard/Blightlord-Terminator/Blightlord-Terminator.md
/home/lukas/minis/reviews/Warhammer 40,000/Chaos/Death Guard/Blightlord-Terminator
/home/lukas/minis/reviews/Warhammer 40,000/Chaos/Death Guard/Plague-Marine/Plague-Marine_1.md
/home/lukas/minis/reviews/Warhammer 40,000/Chaos/Death Guard/Plague-Marine/Plague-Marine.md
/home/lukas/minis/reviews/Warhammer 40,000/Chaos/Death Guard/Plague-Marine/Plague-Marine_2.md
/home/lukas/minis/reviews/Warhammer 40,000/Chaos/Death Guard/Plague-Marine
/home/lukas/minis/reviews/Warhammer 40,000/Chaos/Plague-Marine/Plague-Marine_1.md
/home/lukas/minis/reviews/Warhammer 40,000/Chaos/Plague-Marine/Plague-Marine.md
/home/lukas/minis/reviews/Warhammer 40,000/Chaos/Plague-Marine/Plague-Marine_2.md
/home/lukas/minis/reviews/Warhammer 40,000/Chaos/Plague-Marine/Seuchenmarine/Seuchenmarine_1.md
/home/lukas/minis/reviews/Warhammer 40,000/Chaos/Plague-Marine/Seuchenmarine/Seuchenmarine.md
/home/lukas/minis/reviews/Warhammer 40,000/Chaos/Plague-Marine/Plague-Marine_3.md
/home/lukas/minis/reviews/Warhammer 40,000/Chaos/Plague-Marine/Plague-Marine_4.md
/home/lukas/minis/reviews/Warhammer 40,000/Chaos/Plague-Marine/Plague-Marine_5.md
/home/lukas/minis/reviews/Warhammer 40,000/Chaos/Plague-Marine
/home/lukas/minis/reviews/Warhammer 40,000/Chaos/Chaos Space Marines/Plague-Marine/Plague-Marine_1.md
/home/lukas/minis/reviews/Warhammer 40,000/Chaos/Chaos Space Marines/Plague-Marine/Plague-Marine.md
/home/lukas/minis/reviews/Warhammer 40,000/Chaos/Chaos Space Marines/Plague-Marine/Seuchenmarine/Seuchenmarine.md
/home/lukas/minis/reviews/Warhammer 40,000/Chaos/Chaos Space Marines/Plague-Marine
/home/lukas/minis/reviews/Warhammer 40,000
